---
tasks_query_explain: true
tasks_query_short_mode: true
tasks_query_show_tree: true
tasks_query_show_tags: true
tasks_query_show_id: true
tasks_query_show_depends_on: true
tasks_query_show_priority: true
tasks_query_show_recurrence_rule: true
tasks_query_show_on_completion: true
tasks_query_show_created_date: true
tasks_query_show_start_date: true
tasks_query_show_scheduled_date: true
tasks_query_show_due_date: true
tasks_query_show_cancelled_date: true
tasks_query_show_done_date: true
tasks_query_show_urgency: true
tasks_query_show_backlink: true
tasks_query_show_edit_button: true
tasks_query_show_postpone_button: true
tasks_query_show_task_count: true
tasks_query_extra_instructions: |-
  # press shift-return to add new lines
  not done
---
