Results of custom sorters



sort by function task.heading
Like 'sort by heading'.
=>
- [ ] xyz in a_b_c.md
- [ ] xyz in a/b/c.md
- [ ] xyz in
- [ ] xyz in a/d/c.md
- [ ] xyz in e/d/c.md
- [ ] xyz in a/b/_c_.md
- [ ] xyz in a/b.md
- [ ] xyz in a/b/_c_.md
- [ ] xyz in a/b/c.md
====================================================================================

